ERC report (2026-06-08T23:58:40, Encoding UTF8)
Report includes: Errors, Warnings

***** Sheet /
[pin_not_connected]: Hierarchical label 'TS_SRCLK' in root sheet cannot be connected to non-existent parent sheet
    ; error
    @(170.18 mm, 72.39 mm): Hierarchical Label 'TS_SRCLK'
[pin_not_connected]: Hierarchical label 'TS_SER' in root sheet cannot be connected to non-existent parent sheet
    ; error
    @(170.18 mm, 74.93 mm): Hierarchical Label 'TS_SER'
[pin_not_connected]: Hierarchical label 'TS_L' in root sheet cannot be connected to non-existent parent sheet
    ; error
    @(170.18 mm, 77.47 mm): Hierarchical Label 'TS_L'
[pin_not_connected]: Hierarchical label 'TS_RCLK' in root sheet cannot be connected to non-existent parent sheet
    ; error
    @(170.18 mm, 80.01 mm): Hierarchical Label 'TS_RCLK'
[pin_not_connected]: Hierarchical label 'TS_R' in root sheet cannot be connected to non-existent parent sheet
    ; error
    @(170.18 mm, 82.55 mm): Hierarchical Label 'TS_R'
[power_pin_not_driven]: Input Power pin not driven by any Output Power pins
    ; error
    @(195.58 mm, 82.55 mm): Symbol #PWR0119 Pin 1 [Power input, Line]
[isolated_pin_label]: Label connected to only one pin
    ; warning
    @(170.18 mm, 72.39 mm): Hierarchical Label 'TS_SRCLK'
[isolated_pin_label]: Label connected to only one pin
    ; warning
    @(170.18 mm, 74.93 mm): Hierarchical Label 'TS_SER'
[isolated_pin_label]: Label connected to only one pin
    ; warning
    @(170.18 mm, 77.47 mm): Hierarchical Label 'TS_L'
[isolated_pin_label]: Label connected to only one pin
    ; warning
    @(170.18 mm, 80.01 mm): Hierarchical Label 'TS_RCLK'
[isolated_pin_label]: Label connected to only one pin
    ; warning
    @(170.18 mm, 82.55 mm): Hierarchical Label 'TS_R'
[footprint_link_issues]: Footprint 'IDC-Header_2x05_P2.54mm_Vertical' not found in library 'FRANK'
    ; warning
    @(181.61 mm, 77.47 mm): Symbol J13 [Conn_02x05_Top_Bottom]
[lib_symbol_mismatch]: Symbol 'YM2149' doesn't match copy in library 'FRANK'
    ; warning
    @(60.96 mm, 68.58 mm): Symbol U1 [YM2149]
[lib_symbol_mismatch]: Symbol 'YM2149' doesn't match copy in library 'FRANK'
    ; warning
    @(146.05 mm, 67.31 mm): Symbol U3 [YM2149]
[lib_symbol_mismatch]: Symbol 'PCM_Transistor_BJT_AKL_BC850' doesn't match copy in library 'FRANK'
    ; warning
    @(40.64 mm, 162.56 mm): Symbol Q1 [PCM_Transistor_BJT_AKL_BC850]
[isolated_pin_label]: Label connected to only one pin
    ; warning
    @(179.07 mm, 109.22 mm): Hierarchical Label 'SER'
[lib_symbol_mismatch]: Symbol 'KMR221G_LFS' doesn't match copy in library 'FRANK'
    ; warning
    @(246.38 mm, 149.86 mm): Symbol S1 [KMR221G_LFS]
[lib_symbol_mismatch]: Symbol '1N4148W' doesn't match copy in library 'FRANK'
    ; warning
    @(257.81 mm, 147.32 mm): Symbol D1 [1N4148W]
[lib_symbol_mismatch]: Symbol '1N4148W' doesn't match copy in library 'FRANK'
    ; warning
    @(273.05 mm, 128.27 mm): Symbol D2 [1N4148W]

***** Sheet /TurboSound/
[power_pin_not_driven]: Input Power pin not driven by any Output Power pins
    ; error
    @(48.26 mm, 76.20 mm): Symbol U1 Pin 28 [BC2, Input, Line]
[power_pin_not_driven]: Input Power pin not driven by any Output Power pins
    ; error
    @(60.96 mm, 99.06 mm): Symbol U1 Pin 1 [VSS, Power input, Line]
[hier_label_mismatch]: Hierarchical label SER has no matching sheet pin in the parent sheet
    ; error
    @(179.07 mm, 109.22 mm): Hierarchical Label 'SER'
[hier_label_mismatch]: Hierarchical label SRCLK has no matching sheet pin in the parent sheet
    ; error
    @(179.07 mm, 114.30 mm): Hierarchical Label 'SRCLK'
[hier_label_mismatch]: Hierarchical label RCLK has no matching sheet pin in the parent sheet
    ; error
    @(179.07 mm, 121.92 mm): Hierarchical Label 'RCLK'
[pin_not_driven]: Input pin not driven by any Output pins
    ; error
    @(189.23 mm, 109.22 mm): Symbol U4 Pin 14 [SER, Input, Line]
[pin_not_driven]: Input pin not driven by any Output pins
    ; error
    @(189.23 mm, 114.30 mm): Symbol U4 Pin 11 [SRCLK, Input, Line]
[pin_not_driven]: Input pin not driven by any Output pins
    ; error
    @(189.23 mm, 121.92 mm): Symbol U4 Pin 12 [RCLK, Input, Line]
[hier_label_mismatch]: Hierarchical label L_IN has no matching sheet pin in the parent sheet
    ; error
    @(229.87 mm, 31.75 mm): Hierarchical Label 'L_IN'
[hier_label_mismatch]: Hierarchical label R_IN has no matching sheet pin in the parent sheet
    ; error
    @(269.24 mm, 31.75 mm): Hierarchical Label 'R_IN'

 ** ERC messages: 29  Errors 16  Warnings 13

 ** Ignored checks:
    - Four connection points are joined together
    - Assigned footprint doesn't match footprint filters
